# generated on Fri Oct  6 01:23:53 2023
# Top Cell: SYS_TOP

------------------------------------------------------------
          timeDesign Summary                             
------------------------------------------------------------

+--------------------+---------+---------+---------+---------+---------+---------+
|     Hold mode      |   all   | reg2reg | in2reg  | reg2out | in2out  | clkgate |
+--------------------+---------+---------+---------+---------+---------+---------+
|           WNS (ns):|  0.082  |  0.099  |  0.082  | 20.193  |   N/A   |  0.259  |
|           TNS (ns):|  0.000  |  0.000  |  0.000  |  0.000  |   N/A   |  0.000  |
|    Violating Paths:|    0    |    0    |    0    |    0    |   N/A   |    0    |
|          All Paths:|  1004   |   990   |   298   |    6    |   N/A   |    1    |
+--------------------+---------+---------+---------+---------+---------+---------+

Density: 84.063%
Routing Overflow: 0.00% H and 0.46% V
------------------------------------------------------------
